// Jest Snapshot v1, https://goo.gl/fbAQLP

exports[`should render Card Component 1`] = `ShallowWrapper {}`;
