// Jest Snapshot v1, https://goo.gl/fbAQLP

exports[`expects CounterButton Component 1`] = `ShallowWrapper {}`;
